C51 COMPILER V9.60.7.0   DELAY                                                             12/06/2023 22:09:42 PAGE 1   


C51 COMPILER V9.60.7.0, COMPILATION OF MODULE DELAY
OBJECT MODULE PLACED IN .\Objects\delay.obj
COMPILER INVOKED BY: E:\Electrical\Application\Keil_C51\C51\BIN\C51.EXE delay.c OPTIMIZE(8,SPEED) DEBUG OBJECTEXTEND PRI
                    -NT(.\Listings\delay.lst) TABS(2) OBJECT(.\Objects\delay.obj)

line level    source

   1          #include "delay.h"
   2          
   3          
   4          static unsigned long test = XTAL_FREQ;
   5          static unsigned int _1ms = 1000 / (11.494 / (XTAL_FREQ / 12000000.0));
   6          
   7          
   8          
   9          void delay(unsigned int ms)
  10          {
  11   1        unsigned int i;
  12   1        while (ms--)
  13   1          for (i=_1ms; i>0; i--);
  14   1      }


MODULE INFORMATION:   STATIC OVERLAYABLE
   CODE SIZE        =     31    ----
   CONSTANT SIZE    =   ----    ----
   XDATA SIZE       =   ----    ----
   PDATA SIZE       =   ----    ----
   DATA SIZE        =      6    ----
   IDATA SIZE       =   ----    ----
   BIT SIZE         =   ----    ----
END OF MODULE INFORMATION.


C51 COMPILATION COMPLETE.  0 WARNING(S),  0 ERROR(S)
